{
  "aio": {
    "uncompressed": {
      "runtime": 4343,
      "main": 451951,
      "polyfills": 33869,
      "styles": 72133,
      "light-theme": 78276,
      "dark-theme": 78381
    }
  },
  "aio-local": {
    "uncompressed": {
      "runtime": 4343,
      "main": 454533,
      "polyfills": 33980,
      "styles": 72133,
      "light-theme": 78276,
      "dark-theme": 78381
    }
  }
}
